// Jest Snapshot v1, https://goo.gl/fbAQLP

exports[`App should matches with snapshot 1`] = `
<div
  class="App"
  data-testid="app"
/>
`;
